helmfiles:
- path: helmfiles/jx-production/helmfile.yaml
namespace: jx
