filepath: ""
helmfiles:
- path: helmfiles/jx-staging/helmfile.yaml
- path: helmfiles/nginx/helmfile.yaml
namespace: jx
templates: {}
renderedvalues: {}
