helmfiles:
- path: helmfiles/jx-staging/helmfile.yaml
namespace: jx
