namespace: nginx
repositories:
- name: ingress-nginx
  url: https://kubernetes.github.io/ingress-nginx
releases:
- chart: ingress-nginx/ingress-nginx
  version: 3.12.0
  name: nginx-ingress
